targetName=a9
arch=arm
runHost=10.0.6.38
runHostPrompt=*$* 
target=10.0.6.39
targetRoot=/usr/local/arm-sony-linux-gnueabi/target/armv7a
rpmDir=/home/rpmuser/rpm
testSoucreDir=/home/rpmuser//MAIN/dist/pkg
rpmBuild=/home/rpmuser/MAIN/dist/pkg/sony-rpmbuild
rpmBuildPatch=/home/rpmuser///MAIN/dist/pkg/sony-rpmbuild -p
hddDev=sda
device=sda1
cmplrs=/home/rpmuser/MAIN/cmplrs
triplet=arm-sony-linux-gnueabi
dialect=armv7a
currentHost=10.0.6.38
majorVersion=11
withoutsslibcFlag=yes
targetTop=/usr/local/arm-sony-linux-gnueabi
tempDir=/home/rpmuser/rpm/tmp
spawn ssh 10.0.6.38
Welcome to Ubuntu 12.04.4 LTS (GNU/Linux 3.8.0-35-generic x86_64)

 * Documentation:  https://help.ubuntu.com/

0 packages can be updated.
0 updates are security updates.

Last login: Thu Feb 13 14:42:44 2014 from kzm-a9.mydomain
]0;rpmuser@Triangle: ~rpmuser@Triangle:~$ telnet 10.0.6.39
Trying 10.0.6.39...
Connected to 10.0.6.39.
Escape character is '^]'.

10.0.6.39 login: root
Sony CE Linux 11.0.0.0 armv7a
-bash-3.2# cd /dev/
-bash-3.2# ./MAKEDEV sda 
-bash-3.2# mount -t debugfs debugfs /sys/kernel/debug  || echo 'COMMAND''ERROR'
mount: mounting debugfs on /sys/kernel/debug failed: Device or resource busy
COMMANDERROR
-bash-3.2# btrace /dev/sda & 
[1] 941
-bash-3.2# dd if=/dev/sda  of=mbr.img bs=1b count=1  || echo 'COMMAND''ERROR'
BLKTRACESETUP(2) /dev/sda failed: 2/No such file or directory
Thread 1 failed open /sys/kernel/debug/block/(null)/trace1: 2/No such file or directory
Thread 0 failed open /sys/kernel/debug/block/(null)/trace0: 2/No such file or directory
FAILED to start thread on CPU 0: 1/Operation not permitted
FAILED to start thread on CPU 1: 1/Operation not permitted
1+0 records in
1+0 records out
-bash-3.2# dd if=mbr.img of=/dev/sda bs=1b count=1  || echo 'COMMAND''ERROR'
1+0 records in
1+0 records out
-bash-3.2# sync  || echo 'COMMAND''ERROR'
-bash-3.2# kill %1  || echo 'COMMAND''ERROR'
-bash-3.2# umount /sys/kernel/debug
umount: can't umount /sys/kernel/debug: Device or resource busy
[1]+  Terminated              btrace /dev/sda
-bash-3.2# blktrace test completed!
blktrace : TEST_OK
